0 verbose cli D:\development\Node\v18.19.0\node.exe D:\development\Node\v18.19.0\node_modules\npm\bin\npm-cli.js
1 info using npm@10.2.3
2 info using node@v18.19.0
3 timing npm:load:whichnode Completed in 1ms
4 timing config:load:defaults Completed in 1ms
5 timing config:load:file:D:\development\Node\v18.19.0\node_modules\npm\npmrc Completed in 4ms
6 timing config:load:builtin Completed in 4ms
7 timing config:load:cli Completed in 1ms
8 timing config:load:env Completed in 1ms
9 timing config:load:file:D:\code\live\frontend\.npmrc Completed in 0ms
10 timing config:load:project Completed in 0ms
11 timing config:load:file:C:\Users\Lenovo\.npmrc Completed in 1ms
12 timing config:load:user Completed in 1ms
13 timing config:load:file:C:\Users\Lenovo\AppData\Roaming\npm\etc\npmrc Completed in 0ms
14 timing config:load:global Completed in 0ms
15 timing config:load:setEnvs Completed in 1ms
16 timing config:load Completed in 9ms
17 timing npm:load:configload Completed in 9ms
18 timing config:load:flatten Completed in 1ms
19 timing npm:load:mkdirpcache Completed in 1ms
20 timing npm:load:mkdirplogs Completed in 0ms
21 verbose title npm install hls.js
22 verbose argv "install" "hls.js" "--cache" "D:\\code\\live\\.npm-cache"
23 timing npm:load:setTitle Completed in 1ms
24 timing npm:load:display Completed in 1ms
25 verbose logfile logs-max:10 dir:D:\code\live\.npm-cache\_logs\2026-04-21T09_15_51_940Z-
26 verbose logfile D:\code\live\.npm-cache\_logs\2026-04-21T09_15_51_940Z-debug-0.log
27 timing npm:load:logFile Completed in 6ms
28 timing npm:load:timers Completed in 0ms
29 timing npm:load:configScope Completed in 0ms
30 timing npm:load Completed in 64ms
31 timing arborist:ctor Completed in 0ms
32 silly logfile done cleaning log files
33 timing idealTree:init Completed in 44ms
34 timing idealTree:userRequests Completed in 0ms
35 silly idealTree buildDeps
36 silly fetch manifest hls.js@*
37 timing arborist:ctor Completed in 0ms
38 http fetch GET 200 https://registry.npmjs.org/hls.js 1049ms (cache miss)
39 silly placeDep ROOT hls.js@1.6.16 OK for: ant-live-web@0.0.0 want: *
40 timing idealTree:#root Completed in 1081ms
41 timing idealTree:node_modules/hls.js Completed in 0ms
42 timing idealTree:buildDeps Completed in 1083ms
43 timing idealTree:fixDepFlags Completed in 0ms
44 timing idealTree Completed in 1130ms
45 timing reify:loadTrees Completed in 1130ms
46 timing reify:diffTrees Completed in 9ms
47 silly reify moves {}
48 timing reify:retireShallow Completed in 1ms
49 timing reify:createSparse Completed in 15ms
50 timing reify:loadBundles Completed in 0ms
51 silly audit bulk request {
51 silly audit   '@ant-design/colors': [ '6.0.0' ],
51 silly audit   '@ant-design/icons-svg': [ '4.4.2' ],
51 silly audit   '@ant-design/icons-vue': [ '7.0.1' ],
51 silly audit   '@antfu/utils': [ '0.7.10' ],
51 silly audit   '@babel/helper-string-parser': [ '7.25.9' ],
51 silly audit   '@babel/helper-validator-identifier': [ '7.25.9' ],
51 silly audit   '@babel/parser': [ '7.26.3' ],
51 silly audit   '@babel/runtime': [ '7.26.0' ],
51 silly audit   '@babel/types': [ '7.26.3' ],
51 silly audit   '@ctrl/tinycolor': [ '3.6.1' ],
51 silly audit   '@emotion/hash': [ '0.9.2' ],
51 silly audit   '@emotion/unitless': [ '0.8.1' ],
51 silly audit   '@esbuild/aix-ppc64': [ '0.24.0' ],
51 silly audit   '@esbuild/android-arm': [ '0.24.0' ],
51 silly audit   '@esbuild/android-arm64': [ '0.24.0' ],
51 silly audit   '@esbuild/android-x64': [ '0.24.0' ],
51 silly audit   '@esbuild/darwin-arm64': [ '0.24.0' ],
51 silly audit   '@esbuild/darwin-x64': [ '0.24.0' ],
51 silly audit   '@esbuild/freebsd-arm64': [ '0.24.0' ],
51 silly audit   '@esbuild/freebsd-x64': [ '0.24.0' ],
51 silly audit   '@esbuild/linux-arm': [ '0.24.0' ],
51 silly audit   '@esbuild/linux-arm64': [ '0.24.0' ],
51 silly audit   '@esbuild/linux-ia32': [ '0.24.0' ],
51 silly audit   '@esbuild/linux-loong64': [ '0.24.0' ],
51 silly audit   '@esbuild/linux-mips64el': [ '0.24.0' ],
51 silly audit   '@esbuild/linux-ppc64': [ '0.24.0' ],
51 silly audit   '@esbuild/linux-riscv64': [ '0.24.0' ],
51 silly audit   '@esbuild/linux-s390x': [ '0.24.0' ],
51 silly audit   '@esbuild/linux-x64': [ '0.24.0' ],
51 silly audit   '@esbuild/netbsd-x64': [ '0.24.0' ],
51 silly audit   '@esbuild/openbsd-arm64': [ '0.24.0' ],
51 silly audit   '@esbuild/openbsd-x64': [ '0.24.0' ],
51 silly audit   '@esbuild/sunos-x64': [ '0.24.0' ],
51 silly audit   '@esbuild/win32-arm64': [ '0.24.0' ],
51 silly audit   '@esbuild/win32-ia32': [ '0.24.0' ],
51 silly audit   '@esbuild/win32-x64': [ '0.24.0' ],
51 silly audit   '@jridgewell/sourcemap-codec': [ '1.5.0' ],
51 silly audit   '@nodelib/fs.scandir': [ '2.1.5' ],
51 silly audit   '@nodelib/fs.stat': [ '2.0.5' ],
51 silly audit   '@nodelib/fs.walk': [ '1.2.8' ],
51 silly audit   '@parcel/watcher': [ '2.5.0' ],
51 silly audit   '@parcel/watcher-android-arm64': [ '2.5.0' ],
51 silly audit   '@parcel/watcher-darwin-arm64': [ '2.5.0' ],
51 silly audit   '@parcel/watcher-darwin-x64': [ '2.5.0' ],
51 silly audit   '@parcel/watcher-freebsd-x64': [ '2.5.0' ],
51 silly audit   '@parcel/watcher-linux-arm-glibc': [ '2.5.0' ],
51 silly audit   '@parcel/watcher-linux-arm-musl': [ '2.5.0' ],
51 silly audit   '@parcel/watcher-linux-arm64-glibc': [ '2.5.0' ],
51 silly audit   '@parcel/watcher-linux-arm64-musl': [ '2.5.0' ],
51 silly audit   '@parcel/watcher-linux-x64-glibc': [ '2.5.0' ],
51 silly audit   '@parcel/watcher-linux-x64-musl': [ '2.5.0' ],
51 silly audit   '@parcel/watcher-win32-arm64': [ '2.5.0' ],
51 silly audit   '@parcel/watcher-win32-ia32': [ '2.5.0' ],
51 silly audit   '@parcel/watcher-win32-x64': [ '2.5.0' ],
51 silly audit   '@rollup/pluginutils': [ '5.1.4' ],
51 silly audit   '@rollup/rollup-android-arm-eabi': [ '4.29.1' ],
51 silly audit   '@rollup/rollup-android-arm64': [ '4.29.1' ],
51 silly audit   '@rollup/rollup-darwin-arm64': [ '4.29.1' ],
51 silly audit   '@rollup/rollup-darwin-x64': [ '4.29.1' ],
51 silly audit   '@rollup/rollup-freebsd-arm64': [ '4.29.1' ],
51 silly audit   '@rollup/rollup-freebsd-x64': [ '4.29.1' ],
51 silly audit   '@rollup/rollup-linux-arm-gnueabihf': [ '4.29.1' ],
51 silly audit   '@rollup/rollup-linux-arm-musleabihf': [ '4.29.1' ],
51 silly audit   '@rollup/rollup-linux-arm64-gnu': [ '4.29.1' ],
51 silly audit   '@rollup/rollup-linux-arm64-musl': [ '4.29.1' ],
51 silly audit   '@rollup/rollup-linux-loongarch64-gnu': [ '4.29.1' ],
51 silly audit   '@rollup/rollup-linux-powerpc64le-gnu': [ '4.29.1' ],
51 silly audit   '@rollup/rollup-linux-riscv64-gnu': [ '4.29.1' ],
51 silly audit   '@rollup/rollup-linux-s390x-gnu': [ '4.29.1' ],
51 silly audit   '@rollup/rollup-linux-x64-gnu': [ '4.29.1' ],
51 silly audit   '@rollup/rollup-linux-x64-musl': [ '4.29.1' ],
51 silly audit   '@rollup/rollup-win32-arm64-msvc': [ '4.29.1' ],
51 silly audit   '@rollup/rollup-win32-ia32-msvc': [ '4.29.1' ],
51 silly audit   '@rollup/rollup-win32-x64-msvc': [ '4.29.1' ],
51 silly audit   '@simonwep/pickr': [ '1.8.2' ],
51 silly audit   '@types/estree': [ '1.0.6' ],
51 silly audit   '@vitejs/plugin-vue': [ '5.2.1' ],
51 silly audit   '@vue/compiler-core': [ '3.5.13' ],
51 silly audit   '@vue/compiler-dom': [ '3.5.13' ],
51 silly audit   '@vue/compiler-sfc': [ '3.5.13' ],
51 silly audit   '@vue/compiler-ssr': [ '3.5.13' ],
51 silly audit   '@vue/devtools-api': [ '6.6.4' ],
51 silly audit   '@vue/reactivity': [ '3.5.13' ],
51 silly audit   '@vue/runtime-core': [ '3.5.13' ],
51 silly audit   '@vue/runtime-dom': [ '3.5.13' ],
51 silly audit   '@vue/server-renderer': [ '3.5.13' ],
51 silly audit   '@vue/shared': [ '3.5.13' ],
51 silly audit   acorn: [ '8.14.0' ],
51 silly audit   'ant-design-vue': [ '4.2.6' ],
51 silly audit   anymatch: [ '3.1.3' ],
51 silly audit   picomatch: [ '2.3.1', '4.0.2' ],
51 silly audit   'array-tree-filter': [ '2.1.0' ],
51 silly audit   'async-validator': [ '4.2.5' ],
51 silly audit   asynckit: [ '0.4.0' ],
51 silly audit   axios: [ '1.7.9' ],
51 silly audit   'balanced-match': [ '1.0.2' ],
51 silly audit   'binary-extensions': [ '2.3.0' ],
51 silly audit   'brace-expansion': [ '2.0.1' ],
51 silly audit   braces: [ '3.0.3' ],
51 silly audit   chokidar: [ '3.6.0', '4.0.3' ],
51 silly audit   'combined-stream': [ '1.0.8' ],
51 silly audit   'compute-scroll-into-view': [ '1.0.20' ],
51 silly audit   confbox: [ '0.1.8' ],
51 silly audit   'core-js': [ '3.39.0' ],
51 silly audit   csstype: [ '3.1.3' ],
51 silly audit   dayjs: [ '1.11.13' ],
51 silly audit   debug: [ '4.4.0' ],
51 silly audit   'delayed-stream': [ '1.0.0' ],
51 silly audit   'detect-libc': [ '1.0.3' ],
51 silly audit   'dom-align': [ '1.12.4' ],
51 silly audit   'dom-scroll-into-view': [ '2.0.1' ],
51 silly audit   entities: [ '4.5.0' ],
51 silly audit   'es6-promise': [ '4.2.8' ],
51 silly audit   esbuild: [ '0.24.0' ],
51 silly audit   'estree-walker': [ '2.0.2' ],
51 silly audit   'fast-glob': [ '3.3.2' ],
51 silly audit   fastq: [ '1.18.0' ],
51 silly audit   'fill-range': [ '7.1.1' ],
51 silly audit   'flv.js': [ '1.6.2' ],
51 silly audit   'follow-redirects': [ '1.15.9' ],
51 silly audit   'form-data': [ '4.0.1' ],
51 silly audit   fsevents: [ '2.3.3' ],
51 silly audit   'glob-parent': [ '5.1.2' ],
51 silly audit   immutable: [ '5.0.3' ],
51 silly audit   'is-binary-path': [ '2.1.0' ],
51 silly audit   'is-extglob': [ '2.1.1' ],
51 silly audit   'is-glob': [ '4.0.3' ],
51 silly audit   'is-number': [ '7.0.0' ],
51 silly audit   'is-plain-object': [ '3.0.1' ],
51 silly audit   'js-tokens': [ '4.0.0' ],
51 silly audit   'local-pkg': [ '0.5.1' ],
51 silly audit   lodash: [ '4.17.21' ],
51 silly audit   'lodash-es': [ '4.17.21' ],
51 silly audit   'loose-envify': [ '1.4.0' ],
51 silly audit   'magic-string': [ '0.30.17' ],
51 silly audit   merge2: [ '1.4.1' ],
51 silly audit   micromatch: [ '4.0.8' ],
51 silly audit   'mime-db': [ '1.52.0' ],
51 silly audit   'mime-types': [ '2.1.35' ],
51 silly audit   minimatch: [ '9.0.5' ],
51 silly audit   mlly: [ '1.7.3' ],
51 silly audit   ms: [ '2.1.3' ],
51 silly audit   nanoid: [ '3.3.8' ],
51 silly audit   nanopop: [ '2.4.2' ],
51 silly audit   'node-addon-api': [ '7.1.1' ],
51 silly audit   'normalize-path': [ '3.0.0' ],
51 silly audit   pathe: [ '1.1.2' ],
51 silly audit   picocolors: [ '1.1.1' ],
51 silly audit   pinia: [ '2.3.1' ],
51 silly audit   'pinia-plugin-persistedstate': [ '3.2.3' ],
51 silly audit   'pkg-types': [ '1.2.1' ],
51 silly audit   postcss: [ '8.4.49' ],
51 silly audit   prettier: [ '3.4.2' ],
51 silly audit   'proxy-from-env': [ '1.1.0' ],
51 silly audit   'queue-microtask': [ '1.2.3' ],
51 silly audit   readdirp: [ '3.6.0', '4.0.2' ],
51 silly audit   'regenerator-runtime': [ '0.14.1' ],
51 silly audit   'resize-observer-polyfill': [ '1.5.1' ],
51 silly audit   reusify: [ '1.0.4' ],
51 silly audit   rollup: [ '4.29.1' ],
51 silly audit   'run-parallel': [ '1.2.0' ],
51 silly audit   sass: [ '1.83.0' ],
51 silly audit   'scroll-into-view-if-needed': [ '2.2.31' ],
51 silly audit   'shallow-equal': [ '1.2.1' ],
51 silly audit   'source-map-js': [ '1.2.1' ],
51 silly audit   stylis: [ '4.3.4' ],
51 silly audit   svgaplayerweb: [ '2.3.2' ],
51 silly audit   'throttle-debounce': [ '5.0.2' ],
51 silly audit   'to-regex-range': [ '5.0.1' ],
51 silly audit   ufo: [ '1.5.4' ],
51 silly audit   unplugin: [ '2.1.0' ],
51 silly audit   'unplugin-vue-components': [ '0.28.0' ],
51 silly audit   vite: [ '6.0.5' ],
51 silly audit   vue: [ '3.5.13' ],
51 silly audit   'vue-demi': [ '0.14.10' ],
51 silly audit   'vue-infinite-scroll': [ '2.0.2' ],
51 silly audit   'vue-router': [ '4.5.0' ],
51 silly audit   'vue-types': [ '3.0.2' ],
51 silly audit   warning: [ '4.0.3' ],
51 silly audit   'webpack-virtual-modules': [ '0.6.2' ],
51 silly audit   'webworkify-webpack': [ '2.1.5' ],
51 silly audit   'hls.js': [ '1.6.16' ]
51 silly audit }
52 verbose reify failed optional dependency D:\code\live\frontend\node_modules\fsevents
53 silly reify mark deleted [ 'D:\\code\\live\\frontend\\node_modules\\fsevents' ]
54 verbose reify failed optional dependency D:\code\live\frontend\node_modules\@rollup\rollup-win32-ia32-msvc
55 silly reify mark deleted [
55 silly reify   'D:\\code\\live\\frontend\\node_modules\\@rollup\\rollup-win32-ia32-msvc'
55 silly reify ]
56 verbose reify failed optional dependency D:\code\live\frontend\node_modules\@rollup\rollup-win32-arm64-msvc
57 silly reify mark deleted [
57 silly reify   'D:\\code\\live\\frontend\\node_modules\\@rollup\\rollup-win32-arm64-msvc'
57 silly reify ]
58 verbose reify failed optional dependency D:\code\live\frontend\node_modules\@rollup\rollup-linux-x64-musl
59 silly reify mark deleted [
59 silly reify   'D:\\code\\live\\frontend\\node_modules\\@rollup\\rollup-linux-x64-musl'
59 silly reify ]
60 verbose reify failed optional dependency D:\code\live\frontend\node_modules\@rollup\rollup-linux-x64-gnu
61 silly reify mark deleted [
61 silly reify   'D:\\code\\live\\frontend\\node_modules\\@rollup\\rollup-linux-x64-gnu'
61 silly reify ]
62 verbose reify failed optional dependency D:\code\live\frontend\node_modules\@rollup\rollup-linux-s390x-gnu
63 silly reify mark deleted [
63 silly reify   'D:\\code\\live\\frontend\\node_modules\\@rollup\\rollup-linux-s390x-gnu'
63 silly reify ]
64 verbose reify failed optional dependency D:\code\live\frontend\node_modules\@rollup\rollup-linux-riscv64-gnu
65 silly reify mark deleted [
65 silly reify   'D:\\code\\live\\frontend\\node_modules\\@rollup\\rollup-linux-riscv64-gnu'
65 silly reify ]
66 verbose reify failed optional dependency D:\code\live\frontend\node_modules\@rollup\rollup-linux-powerpc64le-gnu
67 silly reify mark deleted [
67 silly reify   'D:\\code\\live\\frontend\\node_modules\\@rollup\\rollup-linux-powerpc64le-gnu'
67 silly reify ]
68 verbose reify failed optional dependency D:\code\live\frontend\node_modules\@rollup\rollup-linux-loongarch64-gnu
69 silly reify mark deleted [
69 silly reify   'D:\\code\\live\\frontend\\node_modules\\@rollup\\rollup-linux-loongarch64-gnu'
69 silly reify ]
70 verbose reify failed optional dependency D:\code\live\frontend\node_modules\@rollup\rollup-linux-arm64-musl
71 silly reify mark deleted [
71 silly reify   'D:\\code\\live\\frontend\\node_modules\\@rollup\\rollup-linux-arm64-musl'
71 silly reify ]
72 verbose reify failed optional dependency D:\code\live\frontend\node_modules\@rollup\rollup-linux-arm64-gnu
73 silly reify mark deleted [
73 silly reify   'D:\\code\\live\\frontend\\node_modules\\@rollup\\rollup-linux-arm64-gnu'
73 silly reify ]
74 verbose reify failed optional dependency D:\code\live\frontend\node_modules\@rollup\rollup-linux-arm-musleabihf
75 silly reify mark deleted [
75 silly reify   'D:\\code\\live\\frontend\\node_modules\\@rollup\\rollup-linux-arm-musleabihf'
75 silly reify ]
76 verbose reify failed optional dependency D:\code\live\frontend\node_modules\@rollup\rollup-linux-arm-gnueabihf
77 silly reify mark deleted [
77 silly reify   'D:\\code\\live\\frontend\\node_modules\\@rollup\\rollup-linux-arm-gnueabihf'
77 silly reify ]
78 verbose reify failed optional dependency D:\code\live\frontend\node_modules\@rollup\rollup-freebsd-x64
79 silly reify mark deleted [
79 silly reify   'D:\\code\\live\\frontend\\node_modules\\@rollup\\rollup-freebsd-x64'
79 silly reify ]
80 verbose reify failed optional dependency D:\code\live\frontend\node_modules\@rollup\rollup-freebsd-arm64
81 silly reify mark deleted [
81 silly reify   'D:\\code\\live\\frontend\\node_modules\\@rollup\\rollup-freebsd-arm64'
81 silly reify ]
82 verbose reify failed optional dependency D:\code\live\frontend\node_modules\@rollup\rollup-darwin-x64
83 silly reify mark deleted [
83 silly reify   'D:\\code\\live\\frontend\\node_modules\\@rollup\\rollup-darwin-x64'
83 silly reify ]
84 verbose reify failed optional dependency D:\code\live\frontend\node_modules\@rollup\rollup-darwin-arm64
85 silly reify mark deleted [
85 silly reify   'D:\\code\\live\\frontend\\node_modules\\@rollup\\rollup-darwin-arm64'
85 silly reify ]
86 verbose reify failed optional dependency D:\code\live\frontend\node_modules\@rollup\rollup-android-arm64
87 silly reify mark deleted [
87 silly reify   'D:\\code\\live\\frontend\\node_modules\\@rollup\\rollup-android-arm64'
87 silly reify ]
88 verbose reify failed optional dependency D:\code\live\frontend\node_modules\@rollup\rollup-android-arm-eabi
89 silly reify mark deleted [
89 silly reify   'D:\\code\\live\\frontend\\node_modules\\@rollup\\rollup-android-arm-eabi'
89 silly reify ]
90 verbose reify failed optional dependency D:\code\live\frontend\node_modules\@parcel\watcher-win32-ia32
91 silly reify mark deleted [
91 silly reify   'D:\\code\\live\\frontend\\node_modules\\@parcel\\watcher-win32-ia32'
91 silly reify ]
92 verbose reify failed optional dependency D:\code\live\frontend\node_modules\@parcel\watcher-win32-arm64
93 silly reify mark deleted [
93 silly reify   'D:\\code\\live\\frontend\\node_modules\\@parcel\\watcher-win32-arm64'
93 silly reify ]
94 verbose reify failed optional dependency D:\code\live\frontend\node_modules\@parcel\watcher-linux-x64-musl
95 silly reify mark deleted [
95 silly reify   'D:\\code\\live\\frontend\\node_modules\\@parcel\\watcher-linux-x64-musl'
95 silly reify ]
96 verbose reify failed optional dependency D:\code\live\frontend\node_modules\@parcel\watcher-linux-x64-glibc
97 silly reify mark deleted [
97 silly reify   'D:\\code\\live\\frontend\\node_modules\\@parcel\\watcher-linux-x64-glibc'
97 silly reify ]
98 verbose reify failed optional dependency D:\code\live\frontend\node_modules\@parcel\watcher-linux-arm64-musl
99 silly reify mark deleted [
99 silly reify   'D:\\code\\live\\frontend\\node_modules\\@parcel\\watcher-linux-arm64-musl'
99 silly reify ]
100 verbose reify failed optional dependency D:\code\live\frontend\node_modules\@parcel\watcher-linux-arm64-glibc
101 silly reify mark deleted [
101 silly reify   'D:\\code\\live\\frontend\\node_modules\\@parcel\\watcher-linux-arm64-glibc'
101 silly reify ]
102 verbose reify failed optional dependency D:\code\live\frontend\node_modules\@parcel\watcher-linux-arm-musl
103 silly reify mark deleted [
103 silly reify   'D:\\code\\live\\frontend\\node_modules\\@parcel\\watcher-linux-arm-musl'
103 silly reify ]
104 verbose reify failed optional dependency D:\code\live\frontend\node_modules\@parcel\watcher-linux-arm-glibc
105 silly reify mark deleted [
105 silly reify   'D:\\code\\live\\frontend\\node_modules\\@parcel\\watcher-linux-arm-glibc'
105 silly reify ]
106 verbose reify failed optional dependency D:\code\live\frontend\node_modules\@parcel\watcher-freebsd-x64
107 silly reify mark deleted [
107 silly reify   'D:\\code\\live\\frontend\\node_modules\\@parcel\\watcher-freebsd-x64'
107 silly reify ]
108 verbose reify failed optional dependency D:\code\live\frontend\node_modules\@parcel\watcher-darwin-x64
109 silly reify mark deleted [
109 silly reify   'D:\\code\\live\\frontend\\node_modules\\@parcel\\watcher-darwin-x64'
109 silly reify ]
110 verbose reify failed optional dependency D:\code\live\frontend\node_modules\@parcel\watcher-darwin-arm64
111 silly reify mark deleted [
111 silly reify   'D:\\code\\live\\frontend\\node_modules\\@parcel\\watcher-darwin-arm64'
111 silly reify ]
112 verbose reify failed optional dependency D:\code\live\frontend\node_modules\@parcel\watcher-android-arm64
113 silly reify mark deleted [
113 silly reify   'D:\\code\\live\\frontend\\node_modules\\@parcel\\watcher-android-arm64'
113 silly reify ]
114 verbose reify failed optional dependency D:\code\live\frontend\node_modules\@esbuild\win32-ia32
115 silly reify mark deleted [ 'D:\\code\\live\\frontend\\node_modules\\@esbuild\\win32-ia32' ]
116 verbose reify failed optional dependency D:\code\live\frontend\node_modules\@esbuild\win32-arm64
117 silly reify mark deleted [ 'D:\\code\\live\\frontend\\node_modules\\@esbuild\\win32-arm64' ]
118 verbose reify failed optional dependency D:\code\live\frontend\node_modules\@esbuild\sunos-x64
119 silly reify mark deleted [ 'D:\\code\\live\\frontend\\node_modules\\@esbuild\\sunos-x64' ]
120 verbose reify failed optional dependency D:\code\live\frontend\node_modules\@esbuild\openbsd-x64
121 silly reify mark deleted [ 'D:\\code\\live\\frontend\\node_modules\\@esbuild\\openbsd-x64' ]
122 verbose reify failed optional dependency D:\code\live\frontend\node_modules\@esbuild\openbsd-arm64
123 silly reify mark deleted [ 'D:\\code\\live\\frontend\\node_modules\\@esbuild\\openbsd-arm64' ]
124 verbose reify failed optional dependency D:\code\live\frontend\node_modules\@esbuild\netbsd-x64
125 silly reify mark deleted [ 'D:\\code\\live\\frontend\\node_modules\\@esbuild\\netbsd-x64' ]
126 verbose reify failed optional dependency D:\code\live\frontend\node_modules\@esbuild\linux-x64
127 silly reify mark deleted [ 'D:\\code\\live\\frontend\\node_modules\\@esbuild\\linux-x64' ]
128 verbose reify failed optional dependency D:\code\live\frontend\node_modules\@esbuild\linux-s390x
129 silly reify mark deleted [ 'D:\\code\\live\\frontend\\node_modules\\@esbuild\\linux-s390x' ]
130 verbose reify failed optional dependency D:\code\live\frontend\node_modules\@esbuild\linux-riscv64
131 silly reify mark deleted [ 'D:\\code\\live\\frontend\\node_modules\\@esbuild\\linux-riscv64' ]
132 verbose reify failed optional dependency D:\code\live\frontend\node_modules\@esbuild\linux-ppc64
133 silly reify mark deleted [ 'D:\\code\\live\\frontend\\node_modules\\@esbuild\\linux-ppc64' ]
134 verbose reify failed optional dependency D:\code\live\frontend\node_modules\@esbuild\linux-mips64el
135 silly reify mark deleted [ 'D:\\code\\live\\frontend\\node_modules\\@esbuild\\linux-mips64el' ]
136 verbose reify failed optional dependency D:\code\live\frontend\node_modules\@esbuild\linux-loong64
137 silly reify mark deleted [ 'D:\\code\\live\\frontend\\node_modules\\@esbuild\\linux-loong64' ]
138 verbose reify failed optional dependency D:\code\live\frontend\node_modules\@esbuild\linux-ia32
139 silly reify mark deleted [ 'D:\\code\\live\\frontend\\node_modules\\@esbuild\\linux-ia32' ]
140 verbose reify failed optional dependency D:\code\live\frontend\node_modules\@esbuild\linux-arm64
141 silly reify mark deleted [ 'D:\\code\\live\\frontend\\node_modules\\@esbuild\\linux-arm64' ]
142 verbose reify failed optional dependency D:\code\live\frontend\node_modules\@esbuild\linux-arm
143 silly reify mark deleted [ 'D:\\code\\live\\frontend\\node_modules\\@esbuild\\linux-arm' ]
144 verbose reify failed optional dependency D:\code\live\frontend\node_modules\@esbuild\freebsd-x64
145 silly reify mark deleted [ 'D:\\code\\live\\frontend\\node_modules\\@esbuild\\freebsd-x64' ]
146 verbose reify failed optional dependency D:\code\live\frontend\node_modules\@esbuild\freebsd-arm64
147 silly reify mark deleted [ 'D:\\code\\live\\frontend\\node_modules\\@esbuild\\freebsd-arm64' ]
148 verbose reify failed optional dependency D:\code\live\frontend\node_modules\@esbuild\darwin-x64
149 silly reify mark deleted [ 'D:\\code\\live\\frontend\\node_modules\\@esbuild\\darwin-x64' ]
150 verbose reify failed optional dependency D:\code\live\frontend\node_modules\@esbuild\darwin-arm64
151 silly reify mark deleted [ 'D:\\code\\live\\frontend\\node_modules\\@esbuild\\darwin-arm64' ]
152 verbose reify failed optional dependency D:\code\live\frontend\node_modules\@esbuild\android-x64
153 silly reify mark deleted [ 'D:\\code\\live\\frontend\\node_modules\\@esbuild\\android-x64' ]
154 verbose reify failed optional dependency D:\code\live\frontend\node_modules\@esbuild\android-arm64
155 silly reify mark deleted [ 'D:\\code\\live\\frontend\\node_modules\\@esbuild\\android-arm64' ]
156 verbose reify failed optional dependency D:\code\live\frontend\node_modules\@esbuild\android-arm
157 silly reify mark deleted [ 'D:\\code\\live\\frontend\\node_modules\\@esbuild\\android-arm' ]
158 verbose reify failed optional dependency D:\code\live\frontend\node_modules\@esbuild\aix-ppc64
159 silly reify mark deleted [ 'D:\\code\\live\\frontend\\node_modules\\@esbuild\\aix-ppc64' ]
160 timing reifyNode:node_modules/fsevents Completed in 8ms
161 timing reifyNode:node_modules/@rollup/rollup-win32-ia32-msvc Completed in 9ms
162 timing reifyNode:node_modules/@rollup/rollup-win32-arm64-msvc Completed in 9ms
163 timing reifyNode:node_modules/@rollup/rollup-linux-x64-musl Completed in 9ms
164 timing reifyNode:node_modules/@rollup/rollup-linux-x64-gnu Completed in 9ms
165 timing reifyNode:node_modules/@rollup/rollup-linux-s390x-gnu Completed in 9ms
166 timing reifyNode:node_modules/@rollup/rollup-linux-riscv64-gnu Completed in 9ms
167 timing reifyNode:node_modules/@rollup/rollup-linux-powerpc64le-gnu Completed in 9ms
168 timing reifyNode:node_modules/@rollup/rollup-linux-loongarch64-gnu Completed in 9ms
169 timing reifyNode:node_modules/@rollup/rollup-linux-arm64-musl Completed in 9ms
170 timing reifyNode:node_modules/@rollup/rollup-linux-arm64-gnu Completed in 9ms
171 timing reifyNode:node_modules/@rollup/rollup-linux-arm-musleabihf Completed in 9ms
172 timing reifyNode:node_modules/@rollup/rollup-linux-arm-gnueabihf Completed in 9ms
173 timing reifyNode:node_modules/@rollup/rollup-freebsd-x64 Completed in 8ms
174 timing reifyNode:node_modules/@rollup/rollup-freebsd-arm64 Completed in 8ms
175 timing reifyNode:node_modules/@rollup/rollup-darwin-x64 Completed in 8ms
176 timing reifyNode:node_modules/@rollup/rollup-darwin-arm64 Completed in 9ms
177 timing reifyNode:node_modules/@rollup/rollup-android-arm64 Completed in 9ms
178 timing reifyNode:node_modules/@rollup/rollup-android-arm-eabi Completed in 9ms
179 timing reifyNode:node_modules/@parcel/watcher-win32-ia32 Completed in 9ms
180 timing reifyNode:node_modules/@parcel/watcher-win32-arm64 Completed in 9ms
181 timing reifyNode:node_modules/@parcel/watcher-linux-x64-musl Completed in 9ms
182 timing reifyNode:node_modules/@parcel/watcher-linux-x64-glibc Completed in 9ms
183 timing reifyNode:node_modules/@parcel/watcher-linux-arm64-musl Completed in 9ms
184 timing reifyNode:node_modules/@parcel/watcher-linux-arm64-glibc Completed in 9ms
185 timing reifyNode:node_modules/@parcel/watcher-linux-arm-musl Completed in 9ms
186 timing reifyNode:node_modules/@parcel/watcher-linux-arm-glibc Completed in 9ms
187 timing reifyNode:node_modules/@parcel/watcher-freebsd-x64 Completed in 9ms
188 timing reifyNode:node_modules/@parcel/watcher-darwin-x64 Completed in 9ms
189 timing reifyNode:node_modules/@parcel/watcher-darwin-arm64 Completed in 9ms
190 timing reifyNode:node_modules/@parcel/watcher-android-arm64 Completed in 9ms
191 timing reifyNode:node_modules/@esbuild/win32-ia32 Completed in 9ms
192 timing reifyNode:node_modules/@esbuild/win32-arm64 Completed in 9ms
193 timing reifyNode:node_modules/@esbuild/sunos-x64 Completed in 9ms
194 timing reifyNode:node_modules/@esbuild/openbsd-x64 Completed in 9ms
195 timing reifyNode:node_modules/@esbuild/openbsd-arm64 Completed in 10ms
196 timing reifyNode:node_modules/@esbuild/netbsd-x64 Completed in 10ms
197 timing reifyNode:node_modules/@esbuild/linux-x64 Completed in 10ms
198 timing reifyNode:node_modules/@esbuild/linux-s390x Completed in 10ms
199 timing reifyNode:node_modules/@esbuild/linux-riscv64 Completed in 10ms
200 timing reifyNode:node_modules/@esbuild/linux-ppc64 Completed in 10ms
201 timing reifyNode:node_modules/@esbuild/linux-mips64el Completed in 10ms
202 timing reifyNode:node_modules/@esbuild/linux-loong64 Completed in 10ms
203 timing reifyNode:node_modules/@esbuild/linux-ia32 Completed in 10ms
204 timing reifyNode:node_modules/@esbuild/linux-arm64 Completed in 10ms
205 timing reifyNode:node_modules/@esbuild/linux-arm Completed in 10ms
206 timing reifyNode:node_modules/@esbuild/freebsd-x64 Completed in 10ms
207 timing reifyNode:node_modules/@esbuild/freebsd-arm64 Completed in 10ms
208 timing reifyNode:node_modules/@esbuild/darwin-x64 Completed in 10ms
209 timing reifyNode:node_modules/@esbuild/darwin-arm64 Completed in 10ms
210 timing reifyNode:node_modules/@esbuild/android-x64 Completed in 10ms
211 timing reifyNode:node_modules/@esbuild/android-arm64 Completed in 10ms
212 timing reifyNode:node_modules/@esbuild/android-arm Completed in 10ms
213 timing reifyNode:node_modules/@esbuild/aix-ppc64 Completed in 10ms
214 silly tarball no local data for hls.js@https://registry.npmjs.org/hls.js/-/hls.js-1.6.16.tgz. Extracting by manifest.
215 http fetch POST 200 https://registry.npmjs.org/-/npm/v1/security/advisories/bulk 271ms
216 timing auditReport:getReport Completed in 274ms
217 silly audit report {
217 silly audit report   '@babel/runtime': [
217 silly audit report     {
217 silly audit report       id: 1104000,
217 silly audit report       url: 'https://github.com/advisories/GHSA-968p-4wvh-cqc8',
217 silly audit report       title: 'Babel has inefficient RegExp complexity in generated code with .replace when transpiling named capturing groups',
217 silly audit report       severity: 'moderate',
217 silly audit report       vulnerable_versions: '<7.26.10',
217 silly audit report       cwe: [Array],
217 silly audit report       cvss: [Object]
217 silly audit report     }
217 silly audit report   ],
217 silly audit report   picomatch: [
217 silly audit report     {
217 silly audit report       id: 1115549,
217 silly audit report       url: 'https://github.com/advisories/GHSA-3v7f-55p6-f55p',
217 silly audit report       title: 'Picomatch: Method Injection in POSIX Character Classes causes incorrect Glob Matching',
217 silly audit report       severity: 'moderate',
217 silly audit report       vulnerable_versions: '<2.3.2',
217 silly audit report       cwe: [Array],
217 silly audit report       cvss: [Object]
217 silly audit report     },
217 silly audit report     {
217 silly audit report       id: 1115551,
217 silly audit report       url: 'https://github.com/advisories/GHSA-3v7f-55p6-f55p',
217 silly audit report       title: 'Picomatch: Method Injection in POSIX Character Classes causes incorrect Glob Matching',
217 silly audit report       severity: 'moderate',
217 silly audit report       vulnerable_versions: '>=4.0.0 <4.0.4',
217 silly audit report       cwe: [Array],
217 silly audit report       cvss: [Object]
217 silly audit report     },
217 silly audit report     {
217 silly audit report       id: 1115552,
217 silly audit report       url: 'https://github.com/advisories/GHSA-c2c7-rcm5-vvqj',
217 silly audit report       title: 'Picomatch has a ReDoS vulnerability via extglob quantifiers',
217 silly audit report       severity: 'high',
217 silly audit report       vulnerable_versions: '<2.3.2',
217 silly audit report       cwe: [Array],
217 silly audit report       cvss: [Object]
217 silly audit report     },
217 silly audit report     {
217 silly audit report       id: 1115554,
217 silly audit report       url: 'https://github.com/advisories/GHSA-c2c7-rcm5-vvqj',
217 silly audit report       title: 'Picomatch has a ReDoS vulnerability via extglob quantifiers',
217 silly audit report       severity: 'high',
217 silly audit report       vulnerable_versions: '>=4.0.0 <4.0.4',
217 silly audit report       cwe: [Array],
217 silly audit report       cvss: [Object]
217 silly audit report     }
217 silly audit report   ],
217 silly audit report   axios: [
217 silly audit report     {
217 silly audit report       id: 1111035,
217 silly audit report       url: 'https://github.com/advisories/GHSA-jr5f-v2jv-69x6',
217 silly audit report       title: 'axios Requests Vulnerable To Possible SSRF and Credential Leakage via Absolute URL',
217 silly audit report       severity: 'high',
217 silly audit report       vulnerable_versions: '>=1.0.0 <1.8.2',
217 silly audit report       cwe: [Array],
217 silly audit report       cvss: [Object]
217 silly audit report     },
217 silly audit report     {
217 silly audit report       id: 1112195,
217 silly audit report       url: 'https://github.com/advisories/GHSA-4hjh-wcwx-xvwj',
217 silly audit report       title: 'Axios is vulnerable to DoS attack through lack of data size check',
217 silly audit report       severity: 'high',
217 silly audit report       vulnerable_versions: '>=1.0.0 <1.12.0',
217 silly audit report       cwe: [Array],
217 silly audit report       cvss: [Object]
217 silly audit report     },
217 silly audit report     {
217 silly audit report       id: 1113275,
217 silly audit report       url: 'https://github.com/advisories/GHSA-43fc-jf86-j433',
217 silly audit report       title: 'Axios is Vulnerable to Denial of Service via __proto__ Key in mergeConfig',
217 silly audit report       severity: 'high',
217 silly audit report       vulnerable_versions: '>=1.0.0 <=1.13.4',
217 silly audit report       cwe: [Array],
217 silly audit report       cvss: [Object]
217 silly audit report     },
217 silly audit report     {
217 silly audit report       id: 1116673,
217 silly audit report       url: 'https://github.com/advisories/GHSA-3p68-rc4w-qgx5',
217 silly audit report       title: 'Axios has a NO_PROXY Hostname Normalization Bypass that Leads to SSRF',
217 silly audit report       severity: 'moderate',
217 silly audit report       vulnerable_versions: '>=1.0.0 <1.15.0',
217 silly audit report       cwe: [Array],
217 silly audit report       cvss: [Object]
217 silly audit report     },
217 silly audit report     {
217 silly audit report       id: 1116675,
217 silly audit report       url: 'https://github.com/advisories/GHSA-fvcv-3m26-pcqx',
217 silly audit report       title: 'Axios has Unrestricted Cloud Metadata Exfiltration via Header Injection Chain',
217 silly audit report       severity: 'moderate',
217 silly audit report       vulnerable_versions: '>=1.0.0 <1.15.0',
217 silly audit report       cwe: [Array],
217 silly audit report       cvss: [Object]
217 silly audit report     }
217 silly audit report   ],
217 silly audit report   'brace-expansion': [
217 silly audit report     {
217 silly audit report       id: 1105444,
217 silly audit report       url: 'https://github.com/advisories/GHSA-v6h2-p8h4-qcjw',
217 silly audit report       title: 'brace-expansion Regular Expression Denial of Service vulnerability',
217 silly audit report       severity: 'low',
217 silly audit report       vulnerable_versions: '>=2.0.0 <=2.0.1',
217 silly audit report       cwe: [Array],
217 silly audit report       cvss: [Object]
217 silly audit report     },
217 silly audit report     {
217 silly audit report       id: 1115541,
217 silly audit report       url: 'https://github.com/advisories/GHSA-f886-m6hf-6m8v',
217 silly audit report       title: 'brace-expansion: Zero-step sequence causes process hang and memory exhaustion',
217 silly audit report       severity: 'moderate',
217 silly audit report       vulnerable_versions: '>=2.0.0 <2.0.3',
217 silly audit report       cwe: [Array],
217 silly audit report       cvss: [Object]
217 silly audit report     }
217 silly audit report   ],
217 silly audit report   esbuild: [
217 silly audit report     {
217 silly audit report       id: 1102341,
217 silly audit report       url: 'https://github.com/advisories/GHSA-67mh-4wv8-2f99',
217 silly audit report       title: 'esbuild enables any website to send any requests to the development server and read the response',
217 silly audit report       severity: 'moderate',
217 silly audit report       vulnerable_versions: '<=0.24.2',
217 silly audit report       cwe: [Array],
217 silly audit report       cvss: [Object]
217 silly audit report     }
217 silly audit report   ],
217 silly audit report   'follow-redirects': [
217 silly audit report     {
217 silly audit report       id: 1116560,
217 silly audit report       url: 'https://github.com/advisories/GHSA-r4q5-vmmm-2653',
217 silly audit report       title: 'follow-redirects leaks Custom Authentication Headers to Cross-Domain Redirect Targets',
217 silly audit report       severity: 'moderate',
217 silly audit report       vulnerable_versions: '<=1.15.11',
217 silly audit report       cwe: [Array],
217 silly audit report       cvss: [Object]
217 silly audit report     }
217 silly audit report   ],
217 silly audit report   'form-data': [
217 silly audit report     {
217 silly audit report       id: 1109538,
217 silly audit report       url: 'https://github.com/advisories/GHSA-fjxv-7rqg-78g4',
217 silly audit report       title: 'form-data uses unsafe random function in form-data for choosing boundary',
217 silly audit report       severity: 'critical',
217 silly audit report       vulnerable_versions: '>=4.0.0 <4.0.4',
217 silly audit report       cwe: [Array],
217 silly audit report       cvss: [Object]
217 silly audit report     }
217 silly audit report   ],
217 silly audit report   immutable: [
217 silly audit report     {
217 silly audit report       id: 1114168,
217 silly audit report       url: 'https://github.com/advisories/GHSA-wf6x-7x77-mvgw',
217 silly audit report       title: 'Immutable is vulnerable to Prototype Pollution',
217 silly audit report       severity: 'high',
217 silly audit report       vulnerable_versions: '>=5.0.0 <5.1.5',
217 silly audit report       cwe: [Array],
217 silly audit report       cvss: [Object]
217 silly audit report     }
217 silly audit report   ],
217 silly audit report   lodash: [
217 silly audit report     {
217 silly audit report       id: 1112455,
217 silly audit report       url: 'https://github.com/advisories/GHSA-xxjr-mmjv-4gpg',
217 silly audit report       title: 'Lodash has Prototype Pollution Vulnerability in `_.unset` and `_.omit` functions',
217 silly audit report       severity: 'moderate',
217 silly audit report       vulnerable_versions: '>=4.0.0 <=4.17.22',
217 silly audit report       cwe: [Array],
217 silly audit report       cvss: [Object]
217 silly audit report     },
217 silly audit report     {
217 silly audit report       id: 1115806,
217 silly audit report       url: 'https://github.com/advisories/GHSA-r5fr-rjxr-66jc',
217 silly audit report       title: 'lodash vulnerable to Code Injection via `_.template` imports key names',
217 silly audit report       severity: 'high',
217 silly audit report       vulnerable_versions: '>=4.0.0 <=4.17.23',
217 silly audit report       cwe: [Array],
217 silly audit report       cvss: [Object]
217 silly audit report     },
217 silly audit report     {
217 silly audit report       id: 1115810,
217 silly audit report       url: 'https://github.com/advisories/GHSA-f23m-r3pf-42rh',
217 silly audit report       title: 'lodash vulnerable to Prototype Pollution via array path bypass in `_.unset` and `_.omit`',
217 silly audit report       severity: 'moderate',
217 silly audit report       vulnerable_versions: '<=4.17.23',
217 silly audit report       cwe: [Array],
217 silly audit report       cvss: [Object]
217 silly audit report     }
217 silly audit report   ],
217 silly audit report   'lodash-es': [
217 silly audit report     {
217 silly audit report       id: 1112453,
217 silly audit report       url: 'https://github.com/advisories/GHSA-xxjr-mmjv-4gpg',
217 silly audit report       title: 'Lodash has Prototype Pollution Vulnerability in `_.unset` and `_.omit` functions',
217 silly audit report       severity: 'moderate',
217 silly audit report       vulnerable_versions: '>=4.0.0 <=4.17.22',
217 silly audit report       cwe: [Array],
217 silly audit report       cvss: [Object]
217 silly audit report     },
217 silly audit report     {
217 silly audit report       id: 1115805,
217 silly audit report       url: 'https://github.com/advisories/GHSA-r5fr-rjxr-66jc',
217 silly audit report       title: 'lodash vulnerable to Code Injection via `_.template` imports key names',
217 silly audit report       severity: 'high',
217 silly audit report       vulnerable_versions: '>=4.0.0 <=4.17.23',
217 silly audit report       cwe: [Array],
217 silly audit report       cvss: [Object]
217 silly audit report     },
217 silly audit report     {
217 silly audit report       id: 1115809,
217 silly audit report       url: 'https://github.com/advisories/GHSA-f23m-r3pf-42rh',
217 silly audit report       title: 'lodash vulnerable to Prototype Pollution via array path bypass in `_.unset` and `_.omit`',
217 silly audit report       severity: 'moderate',
217 silly audit report       vulnerable_versions: '<=4.17.23',
217 silly audit report       cwe: [Array],
217 silly audit report       cvss: [Object]
217 silly audit report     }
217 silly audit report   ],
217 silly audit report   minimatch: [
217 silly audit report     {
217 silly audit report       id: 1113465,
217 silly audit report       url: 'https://github.com/advisories/GHSA-3ppc-4f35-3m26',
217 silly audit report       title: 'minimatch has a ReDoS via repeated wildcards with non-matching literal in pattern',
217 silly audit report       severity: 'high',
217 silly audit report       vulnerable_versions: '>=9.0.0 <9.0.6',
217 silly audit report       cwe: [Array],
217 silly audit report       cvss: [Object]
217 silly audit report     },
217 silly audit report     {
217 silly audit report       id: 1113544,
217 silly audit report       url: 'https://github.com/advisories/GHSA-7r86-cg39-jmmj',
217 silly audit report       title: 'minimatch has ReDoS: matchOne() combinatorial backtracking via multiple non-adjacent GLOBSTAR segments',
217 silly audit report       severity: 'high',
217 silly audit report       vulnerable_versions: '>=9.0.0 <9.0.7',
217 silly audit report       cwe: [Array],
217 silly audit report       cvss: [Object]
217 silly audit report     },
217 silly audit report     {
217 silly audit report       id: 1113552,
217 silly audit report       url: 'https://github.com/advisories/GHSA-23c5-xmqv-rm74',
217 silly audit report       title: 'minimatch ReDoS: nested *() extglobs generate catastrophically backtracking regular expressions',
217 silly audit report       severity: 'high',
217 silly audit report       vulnerable_versions: '>=9.0.0 <9.0.7',
217 silly audit report       cwe: [Array],
217 silly audit report       cvss: [Object]
217 silly audit report     }
217 silly audit report   ],
217 silly audit report   rollup: [
217 silly audit report     {
217 silly audit report       id: 1113515,
217 silly audit report       url: 'https://github.com/advisories/GHSA-mw96-cpmx-2vgc',
217 silly audit report       title: 'Rollup 4 has Arbitrary File Write via Path Traversal',
217 silly audit report       severity: 'high',
217 silly audit report       vulnerable_versions: '>=4.0.0 <4.59.0',
217 silly audit report       cwe: [Array],
217 silly audit report       cvss: [Object]
217 silly audit report     }
217 silly audit report   ],
217 silly audit report   vite: [
217 silly audit report     {
217 silly audit report       id: 1102438,
217 silly audit report       url: 'https://github.com/advisories/GHSA-vg6x-rcgg-rjx6',
217 silly audit report       title: 'Websites were able to send any requests to the development server and read the response in vite',
217 silly audit report       severity: 'moderate',
217 silly audit report       vulnerable_versions: '>=6.0.0 <=6.0.8',
217 silly audit report       cwe: [Array],
217 silly audit report       cvss: [Object]
217 silly audit report     },
217 silly audit report     {
217 silly audit report       id: 1103518,
217 silly audit report       url: 'https://github.com/advisories/GHSA-x574-m823-4x7w',
217 silly audit report       title: 'Vite bypasses server.fs.deny when using ?raw??',
217 silly audit report       severity: 'moderate',
217 silly audit report       vulnerable_versions: '>=6.0.0 <6.0.12',
217 silly audit report       cwe: [Array],
217 silly audit report       cvss: [Object]
217 silly audit report     },
217 silly audit report     {
217 silly audit report       id: 1103885,
217 silly audit report       url: 'https://github.com/advisories/GHSA-356w-63v5-8wf4',
217 silly audit report       title: 'Vite has an `server.fs.deny` bypass with an invalid `request-target`',
217 silly audit report       severity: 'moderate',
217 silly audit report       vulnerable_versions: '>=6.0.0 <6.0.15',
217 silly audit report       cwe: [Array],
217 silly audit report       cvss: [Object]
217 silly audit report     },
217 silly audit report     {
217 silly audit report       id: 1104174,
217 silly audit report       url: 'https://github.com/advisories/GHSA-859w-5945-r5v3',
217 silly audit report       title: "Vite's server.fs.deny bypassed with /. for files under project root",
217 silly audit report       severity: 'moderate',
217 silly audit report       vulnerable_versions: '>=6.0.0 <=6.1.5',
217 silly audit report       cwe: [Array],
217 silly audit report       cvss: [Object]
217 silly audit report     },
217 silly audit report     {
217 silly audit report       id: 1104203,
217 silly audit report       url: 'https://github.com/advisories/GHSA-xcj6-pq6g-qj4x',
217 silly audit report       title: 'Vite allows server.fs.deny to be bypassed with .svg or relative paths',
217 silly audit report       severity: 'moderate',
217 silly audit report       vulnerable_versions: '>=6.0.0 <6.0.14',
217 silly audit report       cwe: [Array],
217 silly audit report       cvss: [Object]
217 silly audit report     },
217 silly audit report     {
217 silly audit report       id: 1107324,
217 silly audit report       url: 'https://github.com/advisories/GHSA-g4jq-h2w9-997c',
217 silly audit report       title: 'Vite middleware may serve files starting with the same name with the public directory',
217 silly audit report       severity: 'low',
217 silly audit report       vulnerable_versions: '>=6.0.0 <=6.3.5',
217 silly audit report       cwe: [Array],
217 silly audit report       cvss: [Object]
217 silly audit report     },
217 silly audit report     {
217 silly audit report       id: 1107328,
217 silly audit report       url: 'https://github.com/advisories/GHSA-jqfw-vq24-v9c3',
217 silly audit report       title: "Vite's `server.fs` settings were not applied to HTML files",
217 silly audit report       severity: 'low',
217 silly audit report       vulnerable_versions: '>=6.0.0 <=6.3.5',
217 silly audit report       cwe: [Array],
217 silly audit report       cvss: [Object]
217 silly audit report     },
217 silly audit report     {
217 silly audit report       id: 1109135,
217 silly audit report       url: 'https://github.com/advisories/GHSA-93m4-6634-74q7',
217 silly audit report       title: 'vite allows server.fs.deny bypass via backslash on Windows',
217 silly audit report       severity: 'moderate',
217 silly audit report       vulnerable_versions: '>=6.0.0 <=6.4.0',
217 silly audit report       cwe: [Array],
217 silly audit report       cvss: [Object]
217 silly audit report     },
217 silly audit report     {
217 silly audit report       id: 1112512,
217 silly audit report       url: 'https://github.com/advisories/GHSA-4r4m-qw57-chr8',
217 silly audit report       title: 'Vite has a `server.fs.deny` bypassed for `inline` and `raw` with `?import` query',
217 silly audit report       severity: 'moderate',
217 silly audit report       vulnerable_versions: '>=6.0.0 <6.0.13',
217 silly audit report       cwe: [Array],
217 silly audit report       cvss: [Object]
217 silly audit report     },
217 silly audit report     {
217 silly audit report       id: 1116229,
217 silly audit report       url: 'https://github.com/advisories/GHSA-4w7w-66w2-5vf9',
217 silly audit report       title: 'Vite Vulnerable to Path Traversal in Optimized Deps `.map` Handling',
217 silly audit report       severity: 'moderate',
217 silly audit report       vulnerable_versions: '<=6.4.1',
217 silly audit report       cwe: [Array],
217 silly audit report       cvss: [Object]
217 silly audit report     },
217 silly audit report     {
217 silly audit report       id: 1116234,
217 silly audit report       url: 'https://github.com/advisories/GHSA-p9ff-h696-f583',
217 silly audit report       title: 'Vite Vulnerable to Arbitrary File Read via Vite Dev Server WebSocket',
217 silly audit report       severity: 'high',
217 silly audit report       vulnerable_versions: '>=6.0.0 <=6.4.1',
217 silly audit report       cwe: [Array],
217 silly audit report       cvss: [Object]
217 silly audit report     }
217 silly audit report   ]
217 silly audit report }
218 timing metavuln:cache:get:security-advisory:picomatch:H8EHkZXRRUdil3DyUl8tc8lCQUliQzjc5H5D4llqFojH152sBqO1suz3XiNiRQT++wJdWkgXe/zFc/Bbrrz6ng== Completed in 143ms
219 timing metavuln:cache:get:security-advisory:picomatch:2VXNT0aF/Oc+aljqzVZL+y7UYoRsun3f1sCqjauwt4R4X9DizyqvONZbNtH8U58EY1DnyPNR0Ul3cX6UkEWNqw== Completed in 143ms
220 timing metavuln:cache:get:security-advisory:picomatch:PpR3fLr2OHopA+LsAWF3etD15aOC+jSmDwUcp4VQCTrR40wKvI/IGhhNd2qAhozxRYiHGwb06lLJm+b8SMoG/w== Completed in 143ms
221 timing metavuln:cache:get:security-advisory:picomatch:GSQ5ghUF1JWDKMssoydWDVRebjlPePRwktLhrdWzXCq5xeBXdo4Cm9HGHnH2b6P1Nq93YjwPmimVjAx6kge32A== Completed in 143ms
222 timing metavuln:cache:get:security-advisory:axios:XlbxCi8sLnSl8m9PvHspUcR543OMkXOxB/jXGngj0YRh02/JFR8R1cLnsolnjD+cXz1ZxpGhsdG+q3G+wJV9ZQ== Completed in 142ms
223 timing metavuln:cache:get:security-advisory:axios:639XSxImFrmZ8FJKlGw/ayVm90HNBWG0YmBic+gXcQg9gMjToIcCAHMWMBSN7FzFQCRxOEaPuifK0LaPyaQwMQ== Completed in 143ms
224 timing metavuln:cache:get:security-advisory:@babel/runtime:xDaNmlS3J8LRk7IfDb7e9Gp3gcy/xDr1QZXCKC997SMkqKVemm2guY9vQpRI6omD11L5cfCI+STpoAdxUgnVsA== Completed in 144ms
225 timing metavuln:cache:get:security-advisory:brace-expansion:mClmYqWawCNXseeTBHWiIwZH/2CmFUqPCmosJIeOhAgD9z1v3SayhHAwaWVo8wmeKU/JN9VP4zDBeXaqy3Ay2A== Completed in 143ms
226 timing metavuln:cache:get:security-advisory:axios:KM2CayCdN6DRTT7BaALDKjW3GPxc5ix/ql038mETDjk1rdIC/XISHKoQ7ML6Yi2gFcUoWDShvg4sEOs2qg8x6Q== Completed in 143ms
227 timing metavuln:cache:get:security-advisory:brace-expansion:ZHzAtnciS42HIMtUGajCifTIrkCUkWb93u/V1lJEt9HzdJ+ypMofn/dKgSOaziPQj+WGAcGS7t7WdPUHJBz0LA== Completed in 143ms
228 timing metavuln:cache:get:security-advisory:axios:/pf+c7xKXyOAxvzOcA0l8XNUPjlepHr4MF9fvSVm0zWMU6yUfxx1lOuHqs79kY1PPoghsFsj7ayWGBefooph4w== Completed in 143ms
229 timing metavuln:cache:get:security-advisory:axios:yrhF9SoFtS1+urw/362xcX3WaRshCAcVmEhaF45vHkIIAF71Ck/DgTqTn8kVi59BXcnuYupSQZkUeBAjwNWE+w== Completed in 143ms
230 timing metavuln:cache:get:security-advisory:esbuild:jKdCIzePj7J1488qgRXvF8Srh9wutSuR1exB8YooNX62hT+qhtrUXYbArLNoIhgwbaCqKpmduh18syZU7BR9SA== Completed in 143ms
231 timing metavuln:cache:get:security-advisory:immutable:YX+whGW9izHcs0SDGTqy4UrHYrvfaM29jMq36qobkKXOW7YodVH83OO0ms5bS3o1mxpncpZcFwEPtr3iMHQXRQ== Completed in 142ms
232 timing metavuln:cache:get:security-advisory:lodash:DNnxUw8Ep7p1YCAJl4A30HMQmsK3uaHxA5fhfuTpXJUBgCvmZbKGD7OWAcfQ2u+fc9lY6ap1BhHpARF9oEarxQ== Completed in 143ms
233 timing metavuln:cache:get:security-advisory:follow-redirects:4omfKvh6Ya8SJnn3CVNWLzlRKgsHqsp8XgTxFFWXdSXyBqVHeW5UgGhBrNoO2e0bLHnlnK954cJp6k7PjkvXLg== Completed in 143ms
234 timing metavuln:cache:get:security-advisory:lodash:OGNA5lR8rR8aeucWHqvJLBV5oaroI/lF2JfG9J2l63dx9uiGUyHuI4ymC6nv+dqWwxtqCIMcqBukiWYEiF5/RQ== Completed in 143ms
235 timing metavuln:cache:get:security-advisory:lodash:thshZSsl03tivWaq68PzU+tj1Rdgd6ZGN992B7QB+2oylByv6bvG8a/FXYANJwK5kybQ7+c0hg18JSj4gYikrg== Completed in 142ms
236 timing metavuln:cache:get:security-advisory:form-data:QHwSQK89tp8y8NaEB/BmWWPJbFRmcqxbWkKungy6gPoWDFe3Fp6pmP2eW7jh8ZiRT8rEqJsege91INZ02VqjRw== Completed in 143ms
237 timing metavuln:cache:get:security-advisory:lodash-es:l+Ivi/RoR532FpvwaQzAYsIYfjesd02x7xcMxq6fYeIYu2iz3B2GSyj/yXDxcsODA0hJRm7lv3yGwpGV4OaKfA== Completed in 142ms
238 timing metavuln:cache:get:security-advisory:lodash-es:2hooxkCzh18xL2U5n9z7WQVgR0GxpITb9dueD1UQzFYy/YhDg+H/FOhCjxZk+UiPPIKgZYr2ui3uS19kFz2tWw== Completed in 142ms
239 timing metavuln:cache:get:security-advisory:lodash-es:9c1QgLEk4XKozzWF4h4NArdR+uKvCWs2w7k2v/OVESQ3+w9z2krjvgAYF3OJlXg/6ASezbo3baMyotZ2t6lOzw== Completed in 142ms
240 timing metavuln:cache:get:security-advisory:minimatch:B00WbbnnDNaFGA7l9BgrTioYpRMzU4+U8SUF8cn65LwArJAK0O380QwyP/UyxPr7i9XUjX9/AADC41/edu9OrA== Completed in 143ms
241 timing metavuln:cache:get:security-advisory:rollup:j57+QiunRUdD0cUD+SOC+z9ahAKAX/ORqNrS8xn5EMmMoVNjDT6jDQ8+1zJZRvVKgeAjbBSmjAgyimjwq9Hhfg== Completed in 143ms
242 timing metavuln:cache:get:security-advisory:minimatch:tJ9Z2VGWqiQfLaVKxc9K/6Rz1g70Mpl3An4UK+K1lyHdz27vYPzhMIkC4jRGAN2wpssY+8l13Ql259B6zkaX/Q== Completed in 144ms
243 timing metavuln:cache:get:security-advisory:minimatch:IBqefxF0lKwSFXzwGHp5L8khqSaPYY99x0GHtXNH4YxtdIexeL4FFPzrnnBvkhgmGDEWHo3XAgpPYGyM1jidQQ== Completed in 144ms
244 timing metavuln:cache:get:security-advisory:vite:cRFlaVCr1VwlZybRufRyUzrt3WnVV0kGJ80PB4YhT0CSccPFjchDLU5YSg+lsk/oJgLJJnx2RfTL5LfHnC+TwQ== Completed in 143ms
245 timing metavuln:cache:get:security-advisory:vite:V/kkW7UAerLN868n1sEcp2kqgOWOP07jiV4jaDFuaXPxQ4TQ59aPxTjRCGM2O9YRs0XLosjZ9vjfmA3ANhScCQ== Completed in 143ms
246 timing metavuln:cache:get:security-advisory:vite:zZrobAm5WHnXnAwVM39+2ezFQ6SgUgscplWFNujjXVzNEU1v0uRVuHsHiWDRxGO80uIXlK2oANhxa9ZKqYckFg== Completed in 144ms
247 timing metavuln:cache:get:security-advisory:vite:vzgb0p24PfLuRLWG4U0Kb57ep0tMCMT+C+2juIv/bmuVWEzDFtJ9uA1zOkQd1nxOGQ0T6oo+FNFaXzLvYTb13w== Completed in 144ms
248 timing metavuln:cache:get:security-advisory:vite:Tg1igN5ImUILB7iL3lCsdCfvryCmdwXKQoLrV9oZh5qkz8tTcdwqqtt4Gpb4Z+ybfbkRa+CBnUNY2uVy1+5EAA== Completed in 144ms
249 timing metavuln:cache:get:security-advisory:vite:C5mSGtQ/8iySKhD/I8hWlOo+bQ6ZRd3Y05TuSqc1Pa4jQelcCx/MOVCI/v7twFwCGOY8/muOI0B1LE1IWMJyIg== Completed in 144ms
250 timing metavuln:cache:get:security-advisory:vite:lhMAfW6KGSgCoRssD7e9LUKdutS+l4nPk6asDknTsbkWI2UMyL0z8LPAXleuo5qPagcVjQxgCtMH3fz1kzkSYA== Completed in 144ms
251 timing metavuln:cache:get:security-advisory:vite:1yM5vNWTwdJaSaVCQEuMQbWVFay/FQXXU2WmBw1Z1s5sTuRIY9GXnzHfdu2O+32zrhRCOFcG6yYYk4daSMx+ZQ== Completed in 144ms
252 timing metavuln:cache:get:security-advisory:vite:I1BdsVrQ8+F0Nz5pjiEY7gYSFBzvKNwOR8nQyg9euOprN34SC4VipJH1GMc8WCRl+e0xZWGr2QiYwiNwqO4gag== Completed in 145ms
253 timing metavuln:cache:get:security-advisory:vite:0uerD0bg2wLpA2p8gFFFUIFeutSBDzFl98dN45i4u1EYj3EvJW03UyjO7tQ7Nk8yLBSi8rbvxI4k8C+oCGWubg== Completed in 146ms
254 timing metavuln:cache:get:security-advisory:vite:NrX8Kp1+Hvd4wvEsS+lQHlOeCmhHudEeMSpjy9BuW2CaPgMCcTb+azDYWI3SEwQXj582+iuKbuJSaWmAaLYLNw== Completed in 147ms
255 http fetch GET 200 https://registry.npmjs.org/picomatch 278ms (cache revalidated)
256 timing metavuln:packument:picomatch Completed in 278ms
257 timing metavuln:load:security-advisory:picomatch:1115549 Completed in 1ms
258 timing metavuln:calculate:security-advisory:picomatch:1115549 Completed in 279ms
259 timing metavuln:load:security-advisory:picomatch:1115551 Completed in 0ms
260 timing metavuln:calculate:security-advisory:picomatch:1115551 Completed in 279ms
261 timing metavuln:load:security-advisory:picomatch:1115552 Completed in 0ms
262 timing metavuln:calculate:security-advisory:picomatch:1115552 Completed in 279ms
263 timing metavuln:load:security-advisory:picomatch:1115554 Completed in 0ms
264 timing metavuln:calculate:security-advisory:picomatch:1115554 Completed in 279ms
265 http fetch GET 200 https://registry.npmjs.org/axios 532ms (cache revalidated)
266 timing metavuln:packument:axios Completed in 534ms
267 timing metavuln:load:security-advisory:axios:1111035 Completed in 0ms
268 timing metavuln:calculate:security-advisory:axios:1111035 Completed in 535ms
269 timing metavuln:load:security-advisory:axios:1112195 Completed in 0ms
270 timing metavuln:calculate:security-advisory:axios:1112195 Completed in 535ms
271 timing metavuln:load:security-advisory:axios:1113275 Completed in 0ms
272 timing metavuln:calculate:security-advisory:axios:1113275 Completed in 535ms
273 timing metavuln:load:security-advisory:axios:1116673 Completed in 1ms
274 timing metavuln:calculate:security-advisory:axios:1116673 Completed in 536ms
275 timing metavuln:load:security-advisory:axios:1116675 Completed in 0ms
276 timing metavuln:calculate:security-advisory:axios:1116675 Completed in 536ms
277 http fetch GET 200 https://registry.npmjs.org/minimatch 535ms (cache revalidated)
278 timing metavuln:packument:minimatch Completed in 535ms
279 timing metavuln:load:security-advisory:minimatch:1113465 Completed in 1ms
280 timing metavuln:calculate:security-advisory:minimatch:1113465 Completed in 536ms
281 timing metavuln:load:security-advisory:minimatch:1113544 Completed in 0ms
282 timing metavuln:calculate:security-advisory:minimatch:1113544 Completed in 536ms
283 timing metavuln:load:security-advisory:minimatch:1113552 Completed in 0ms
284 timing metavuln:calculate:security-advisory:minimatch:1113552 Completed in 536ms
285 http fetch GET 200 https://registry.npmjs.org/immutable 554ms (cache revalidated)
286 timing metavuln:packument:immutable Completed in 555ms
287 timing metavuln:load:security-advisory:immutable:1114168 Completed in 1ms
288 timing metavuln:calculate:security-advisory:immutable:1114168 Completed in 556ms
289 http fetch GET 200 https://registry.npmjs.org/follow-redirects 556ms (cache revalidated)
290 timing metavuln:packument:follow-redirects Completed in 557ms
291 timing metavuln:load:security-advisory:follow-redirects:1116560 Completed in 0ms
292 timing metavuln:calculate:security-advisory:follow-redirects:1116560 Completed in 557ms
293 http fetch GET 200 https://registry.npmjs.org/form-data 558ms (cache revalidated)
294 timing metavuln:packument:form-data Completed in 559ms
295 timing metavuln:load:security-advisory:form-data:1109538 Completed in 0ms
296 timing metavuln:calculate:security-advisory:form-data:1109538 Completed in 559ms
297 http fetch GET 200 https://registry.npmjs.org/lodash-es 558ms (cache revalidated)
298 timing metavuln:packument:lodash-es Completed in 559ms
299 timing metavuln:load:security-advisory:lodash-es:1112453 Completed in 0ms
300 timing metavuln:calculate:security-advisory:lodash-es:1112453 Completed in 559ms
301 timing metavuln:load:security-advisory:lodash-es:1115805 Completed in 0ms
302 timing metavuln:calculate:security-advisory:lodash-es:1115805 Completed in 559ms
303 timing metavuln:load:security-advisory:lodash-es:1115809 Completed in 0ms
304 timing metavuln:calculate:security-advisory:lodash-es:1115809 Completed in 559ms
305 http fetch GET 200 https://registry.npmjs.org/@babel%2fruntime 569ms (cache revalidated)
306 timing metavuln:packument:@babel/runtime Completed in 570ms
307 timing metavuln:load:security-advisory:@babel/runtime:1104000 Completed in 1ms
308 timing metavuln:calculate:security-advisory:@babel/runtime:1104000 Completed in 572ms
309 http fetch GET 200 https://registry.npmjs.org/rollup 574ms (cache revalidated)
310 timing metavuln:packument:rollup Completed in 588ms
311 timing metavuln:load:security-advisory:rollup:1113515 Completed in 3ms
312 timing metavuln:calculate:security-advisory:rollup:1113515 Completed in 591ms
313 http fetch GET 200 https://registry.npmjs.org/vite 598ms (cache revalidated)
314 timing metavuln:packument:vite Completed in 609ms
315 timing metavuln:load:security-advisory:vite:1102438 Completed in 1ms
316 timing metavuln:calculate:security-advisory:vite:1102438 Completed in 610ms
317 timing metavuln:load:security-advisory:vite:1103518 Completed in 2ms
318 timing metavuln:calculate:security-advisory:vite:1103518 Completed in 612ms
319 timing metavuln:load:security-advisory:vite:1103885 Completed in 2ms
320 timing metavuln:calculate:security-advisory:vite:1103885 Completed in 613ms
321 timing metavuln:load:security-advisory:vite:1104174 Completed in 2ms
322 timing metavuln:calculate:security-advisory:vite:1104174 Completed in 615ms
323 timing metavuln:load:security-advisory:vite:1104203 Completed in 2ms
324 timing metavuln:calculate:security-advisory:vite:1104203 Completed in 617ms
325 timing metavuln:load:security-advisory:vite:1107324 Completed in 1ms
326 timing metavuln:calculate:security-advisory:vite:1107324 Completed in 618ms
327 timing metavuln:load:security-advisory:vite:1107328 Completed in 2ms
328 timing metavuln:calculate:security-advisory:vite:1107328 Completed in 620ms
329 timing metavuln:load:security-advisory:vite:1109135 Completed in 2ms
330 timing metavuln:calculate:security-advisory:vite:1109135 Completed in 622ms
331 timing metavuln:load:security-advisory:vite:1112512 Completed in 1ms
332 timing metavuln:calculate:security-advisory:vite:1112512 Completed in 623ms
333 timing metavuln:load:security-advisory:vite:1116229 Completed in 2ms
334 timing metavuln:calculate:security-advisory:vite:1116229 Completed in 625ms
335 timing metavuln:load:security-advisory:vite:1116234 Completed in 2ms
336 timing metavuln:calculate:security-advisory:vite:1116234 Completed in 627ms
337 http fetch GET 200 https://registry.npmjs.org/esbuild 630ms (cache revalidated)
338 timing metavuln:packument:esbuild Completed in 633ms
339 timing metavuln:load:security-advisory:esbuild:1102341 Completed in 2ms
340 timing metavuln:calculate:security-advisory:esbuild:1102341 Completed in 635ms
341 http fetch GET 200 https://registry.npmjs.org/lodash 636ms (cache updated)
342 timing metavuln:packument:lodash Completed in 637ms
343 timing metavuln:load:security-advisory:lodash:1112455 Completed in 0ms
344 timing metavuln:calculate:security-advisory:lodash:1112455 Completed in 637ms
345 timing metavuln:load:security-advisory:lodash:1115806 Completed in 0ms
346 timing metavuln:calculate:security-advisory:lodash:1115806 Completed in 637ms
347 timing metavuln:load:security-advisory:lodash:1115810 Completed in 0ms
348 timing metavuln:calculate:security-advisory:lodash:1115810 Completed in 636ms
349 http fetch GET 200 https://registry.npmjs.org/brace-expansion 857ms (cache revalidated)
350 timing metavuln:packument:brace-expansion Completed in 857ms
351 timing metavuln:load:security-advisory:brace-expansion:1105444 Completed in 0ms
352 timing metavuln:calculate:security-advisory:brace-expansion:1105444 Completed in 857ms
353 timing metavuln:load:security-advisory:brace-expansion:1115541 Completed in 0ms
354 timing metavuln:calculate:security-advisory:brace-expansion:1115541 Completed in 857ms
355 timing metavuln:cache:get:security-advisory:ant-design-vue:Pwh6H3X6V1iAo9kvHUrI0bNsc/OyHwBxSjy9QkTa8WNF23CMeaJjnBae0KtYGmkCtcOxU/LrcbANEXG8XfQRWQ== Completed in 14ms
356 http fetch GET 200 https://registry.npmjs.org/ant-design-vue 126ms (cache revalidated)
357 timing metavuln:packument:ant-design-vue Completed in 134ms
358 timing metavuln:load:security-advisory:ant-design-vue:xDaNmlS3J8LRk7IfDb7e9Gp3gcy/xDr1QZXCKC997SMkqKVemm2guY9vQpRI6omD11L5cfCI+STpoAdxUgnVsA== Completed in 0ms
359 timing metavuln:calculate:security-advisory:ant-design-vue:xDaNmlS3J8LRk7IfDb7e9Gp3gcy/xDr1QZXCKC997SMkqKVemm2guY9vQpRI6omD11L5cfCI+STpoAdxUgnVsA== Completed in 135ms
360 timing metavuln:cache:get:security-advisory:readdirp:O7WXRupQt48LJyZ17mA/uSHYfhYyK7sMYMihjKrTsH3mKxobKArK3CCtifRFqfhAMZFOU4AsOtouYzz86OtBxQ== Completed in 16ms
361 timing metavuln:cache:get:security-advisory:micromatch:Gfx2SOQRY3jP5uv6bFlh3nIPxMXsxdnbcyF/xURx+dAnDK2wtpAvWYKdTiFWGD3MlWR/x1stzjO6SjznwiVonw== Completed in 17ms
362 timing metavuln:cache:get:security-advisory:anymatch:Nfla9E9Lgs+mqMt1dA/8UaXdCl7sXuZQsKzxwmqxeyDZbX+CRdcfKSFFgjhZ/F0BJR9geE1mRVv3h/ODZoo63g== Completed in 21ms
363 http fetch GET 200 https://registry.npmjs.org/anymatch 142ms (cache revalidated)
364 timing metavuln:packument:anymatch Completed in 143ms
365 timing metavuln:load:security-advisory:anymatch:GSQ5ghUF1JWDKMssoydWDVRebjlPePRwktLhrdWzXCq5xeBXdo4Cm9HGHnH2b6P1Nq93YjwPmimVjAx6kge32A== Completed in 0ms
366 timing metavuln:calculate:security-advisory:anymatch:GSQ5ghUF1JWDKMssoydWDVRebjlPePRwktLhrdWzXCq5xeBXdo4Cm9HGHnH2b6P1Nq93YjwPmimVjAx6kge32A== Completed in 143ms
367 http fetch GET 200 https://registry.npmjs.org/readdirp 143ms (cache revalidated)
368 timing metavuln:packument:readdirp Completed in 144ms
369 timing metavuln:load:security-advisory:readdirp:GSQ5ghUF1JWDKMssoydWDVRebjlPePRwktLhrdWzXCq5xeBXdo4Cm9HGHnH2b6P1Nq93YjwPmimVjAx6kge32A== Completed in 0ms
370 timing metavuln:calculate:security-advisory:readdirp:GSQ5ghUF1JWDKMssoydWDVRebjlPePRwktLhrdWzXCq5xeBXdo4Cm9HGHnH2b6P1Nq93YjwPmimVjAx6kge32A== Completed in 144ms
371 http fetch GET 200 https://registry.npmjs.org/micromatch 147ms (cache revalidated)
372 timing metavuln:packument:micromatch Completed in 148ms
373 timing metavuln:load:security-advisory:micromatch:GSQ5ghUF1JWDKMssoydWDVRebjlPePRwktLhrdWzXCq5xeBXdo4Cm9HGHnH2b6P1Nq93YjwPmimVjAx6kge32A== Completed in 0ms
374 timing metavuln:calculate:security-advisory:micromatch:GSQ5ghUF1JWDKMssoydWDVRebjlPePRwktLhrdWzXCq5xeBXdo4Cm9HGHnH2b6P1Nq93YjwPmimVjAx6kge32A== Completed in 148ms
375 timing metavuln:cache:get:security-advisory:@rollup/pluginutils:n2ZdRYbkVfOpggkAn57AsDsLtSdsRgrg8T81dTnrFNkeL2GsJBYvfMqXjYaV9+BM+rQQagElbxA334jCq2AipA== Completed in 13ms
376 http fetch GET 200 https://registry.npmjs.org/@rollup%2fpluginutils 155ms (cache revalidated)
377 timing metavuln:packument:@rollup/pluginutils Completed in 157ms
378 timing metavuln:load:security-advisory:@rollup/pluginutils:2VXNT0aF/Oc+aljqzVZL+y7UYoRsun3f1sCqjauwt4R4X9DizyqvONZbNtH8U58EY1DnyPNR0Ul3cX6UkEWNqw== Completed in 0ms
379 timing metavuln:calculate:security-advisory:@rollup/pluginutils:2VXNT0aF/Oc+aljqzVZL+y7UYoRsun3f1sCqjauwt4R4X9DizyqvONZbNtH8U58EY1DnyPNR0Ul3cX6UkEWNqw== Completed in 157ms
380 timing metavuln:cache:get:security-advisory:minimatch:47aVejY8/1KnEnFlTo+uF90a7w1XvtOjMP1i7DvyX4+jxy/wlG4RjX1rMW+bmptQMpL8TSkcMyWTMH7gxl9Fpg== Completed in 14ms
381 timing metavuln:load:security-advisory:minimatch:mClmYqWawCNXseeTBHWiIwZH/2CmFUqPCmosJIeOhAgD9z1v3SayhHAwaWVo8wmeKU/JN9VP4zDBeXaqy3Ay2A== Completed in 1ms
382 timing metavuln:calculate:security-advisory:minimatch:mClmYqWawCNXseeTBHWiIwZH/2CmFUqPCmosJIeOhAgD9z1v3SayhHAwaWVo8wmeKU/JN9VP4zDBeXaqy3Ay2A== Completed in 15ms
383 timing metavuln:cache:get:security-advisory:vite:tMBsdAS7JBTyRORp0YaJR984WAAsOxgmReSLBN0Nd41GhzEakjROICqAJ31iOdYG5Ijo/MlJ01p3ig1iN88+Tw== Completed in 14ms
384 timing metavuln:load:security-advisory:vite:jKdCIzePj7J1488qgRXvF8Srh9wutSuR1exB8YooNX62hT+qhtrUXYbArLNoIhgwbaCqKpmduh18syZU7BR9SA== Completed in 3ms
385 timing metavuln:calculate:security-advisory:vite:jKdCIzePj7J1488qgRXvF8Srh9wutSuR1exB8YooNX62hT+qhtrUXYbArLNoIhgwbaCqKpmduh18syZU7BR9SA== Completed in 17ms
386 timing metavuln:cache:get:security-advisory:axios:BE/AOjOVyF8ZT/4nkyNE+Keqz53GIuATd0cAqCdlCKUT+V8U94LKR6YN/lLRDtizMt46UKcIgnI6HSNuaEJQ0A== Completed in 14ms
387 timing metavuln:load:security-advisory:axios:4omfKvh6Ya8SJnn3CVNWLzlRKgsHqsp8XgTxFFWXdSXyBqVHeW5UgGhBrNoO2e0bLHnlnK954cJp6k7PjkvXLg== Completed in 0ms
388 timing metavuln:calculate:security-advisory:axios:4omfKvh6Ya8SJnn3CVNWLzlRKgsHqsp8XgTxFFWXdSXyBqVHeW5UgGhBrNoO2e0bLHnlnK954cJp6k7PjkvXLg== Completed in 14ms
389 timing metavuln:cache:get:security-advisory:axios:C2fIAmAB2uOvlfUuWl4nar/gbg/mmHzmzeMphxDBwRWYxDXxg8Ta1mzTq6jDIuRTZqkNY/kJ4g85IdHIaKaoPQ== Completed in 14ms
390 timing metavuln:load:security-advisory:axios:QHwSQK89tp8y8NaEB/BmWWPJbFRmcqxbWkKungy6gPoWDFe3Fp6pmP2eW7jh8ZiRT8rEqJsege91INZ02VqjRw== Completed in 0ms
391 timing metavuln:calculate:security-advisory:axios:QHwSQK89tp8y8NaEB/BmWWPJbFRmcqxbWkKungy6gPoWDFe3Fp6pmP2eW7jh8ZiRT8rEqJsege91INZ02VqjRw== Completed in 14ms
392 timing metavuln:cache:get:security-advisory:sass:/DhIUYbf4T3AnGx+PzD6W7syROdczWMVjvjgrWRtbOFMLMgI8bnlkX1ZD2lE/oeb/LTneNK4DQSzB1IP3sJw4A== Completed in 12ms
393 http fetch GET 200 https://registry.npmjs.org/sass 149ms (cache revalidated)
394 timing metavuln:packument:sass Completed in 151ms
395 timing metavuln:load:security-advisory:sass:YX+whGW9izHcs0SDGTqy4UrHYrvfaM29jMq36qobkKXOW7YodVH83OO0ms5bS3o1mxpncpZcFwEPtr3iMHQXRQ== Completed in 0ms
396 timing metavuln:calculate:security-advisory:sass:YX+whGW9izHcs0SDGTqy4UrHYrvfaM29jMq36qobkKXOW7YodVH83OO0ms5bS3o1mxpncpZcFwEPtr3iMHQXRQ== Completed in 151ms
397 timing metavuln:cache:get:security-advisory:ant-design-vue:OuP5azgJ7DbsB2C6wPq5Jd4LATmKEdZklFL0gxXSNupmOkDrCa1ylI2QQlSMcYGzD1VBwjGM69yAProjs6Jgnw== Completed in 13ms
398 timing metavuln:load:security-advisory:ant-design-vue:OGNA5lR8rR8aeucWHqvJLBV5oaroI/lF2JfG9J2l63dx9uiGUyHuI4ymC6nv+dqWwxtqCIMcqBukiWYEiF5/RQ== Completed in 0ms
399 timing metavuln:calculate:security-advisory:ant-design-vue:OGNA5lR8rR8aeucWHqvJLBV5oaroI/lF2JfG9J2l63dx9uiGUyHuI4ymC6nv+dqWwxtqCIMcqBukiWYEiF5/RQ== Completed in 13ms
400 timing metavuln:cache:get:security-advisory:ant-design-vue:zaTyGze7xcdK8qp35FAUFXKFLKrsgJJcpC2Bs7EQyNPJ/E+Sl0e/wJeH+BrkQAKDC6Wvli4kOTDNTwpfos9rYw== Completed in 14ms
401 timing metavuln:load:security-advisory:ant-design-vue:l+Ivi/RoR532FpvwaQzAYsIYfjesd02x7xcMxq6fYeIYu2iz3B2GSyj/yXDxcsODA0hJRm7lv3yGwpGV4OaKfA== Completed in 1ms
402 timing metavuln:calculate:security-advisory:ant-design-vue:l+Ivi/RoR532FpvwaQzAYsIYfjesd02x7xcMxq6fYeIYu2iz3B2GSyj/yXDxcsODA0hJRm7lv3yGwpGV4OaKfA== Completed in 15ms
403 timing metavuln:cache:get:security-advisory:unplugin-vue-components:mtwDWOt/NngTO5a4rmwTftygFM6gB2H4FdLumY4fS3aYtB7nf4Viznga9Yut8Zn7i4R6qmevvyRna0FkWuF0AA== Completed in 12ms
404 http fetch GET 200 https://registry.npmjs.org/hls.js/-/hls.js-1.6.16.tgz 1893ms (cache miss)
405 timing reifyNode:node_modules/hls.js Completed in 1907ms
406 timing reify:unpack Completed in 1907ms
407 timing reify:unretire Completed in 0ms
408 timing build:queue Completed in 1ms
409 timing build:deps Completed in 1ms
410 timing build Completed in 1ms
411 timing reify:build Completed in 2ms
412 timing reify:trash Completed in 9ms
413 timing reify:save Completed in 37ms
414 http fetch GET 200 https://registry.npmjs.org/unplugin-vue-components 272ms (cache revalidated)
415 timing metavuln:packument:unplugin-vue-components Completed in 274ms
416 timing metavuln:load:security-advisory:unplugin-vue-components:B00WbbnnDNaFGA7l9BgrTioYpRMzU4+U8SUF8cn65LwArJAK0O380QwyP/UyxPr7i9XUjX9/AADC41/edu9OrA== Completed in 1ms
417 timing metavuln:calculate:security-advisory:unplugin-vue-components:B00WbbnnDNaFGA7l9BgrTioYpRMzU4+U8SUF8cn65LwArJAK0O380QwyP/UyxPr7i9XUjX9/AADC41/edu9OrA== Completed in 275ms
418 timing metavuln:cache:get:security-advisory:vite:SaJWDd5gEEZd3lHg31QWzLWgMkCzYHn5RvntQLmOGssdx9DgqFp1CHRkx1q//bJjITqFeBtPANooZCY8TRvk8g== Completed in 12ms
419 timing metavuln:load:security-advisory:vite:j57+QiunRUdD0cUD+SOC+z9ahAKAX/ORqNrS8xn5EMmMoVNjDT6jDQ8+1zJZRvVKgeAjbBSmjAgyimjwq9Hhfg== Completed in 1ms
420 timing metavuln:calculate:security-advisory:vite:j57+QiunRUdD0cUD+SOC+z9ahAKAX/ORqNrS8xn5EMmMoVNjDT6jDQ8+1zJZRvVKgeAjbBSmjAgyimjwq9Hhfg== Completed in 13ms
421 timing metavuln:cache:get:security-advisory:@rollup/pluginutils:dMdnd9raqui7IVsTxayEuCOtdg+luTuDRWeXcvRAg8J3v4f3HS/d+58hbjXUW/451OFYPnLKfXufgSknpMWp7Q== Completed in 16ms
422 timing metavuln:load:security-advisory:@rollup/pluginutils:j57+QiunRUdD0cUD+SOC+z9ahAKAX/ORqNrS8xn5EMmMoVNjDT6jDQ8+1zJZRvVKgeAjbBSmjAgyimjwq9Hhfg== Completed in 0ms
423 timing metavuln:calculate:security-advisory:@rollup/pluginutils:j57+QiunRUdD0cUD+SOC+z9ahAKAX/ORqNrS8xn5EMmMoVNjDT6jDQ8+1zJZRvVKgeAjbBSmjAgyimjwq9Hhfg== Completed in 16ms
424 timing metavuln:cache:get:security-advisory:@vitejs/plugin-vue:XpO6q+cOvu9E+9FjxiKzWUHtaCozFTh8BIEn5Sczd07mIE5gzChKoR14TRZcbkLrK3wSuDoR1ROGWK935iYrOg== Completed in 14ms
425 http fetch GET 200 https://registry.npmjs.org/@vitejs%2fplugin-vue 164ms (cache revalidated)
426 timing metavuln:packument:@vitejs/plugin-vue Completed in 165ms
427 timing metavuln:load:security-advisory:@vitejs/plugin-vue:zZrobAm5WHnXnAwVM39+2ezFQ6SgUgscplWFNujjXVzNEU1v0uRVuHsHiWDRxGO80uIXlK2oANhxa9ZKqYckFg== Completed in 0ms
428 timing metavuln:calculate:security-advisory:@vitejs/plugin-vue:zZrobAm5WHnXnAwVM39+2ezFQ6SgUgscplWFNujjXVzNEU1v0uRVuHsHiWDRxGO80uIXlK2oANhxa9ZKqYckFg== Completed in 165ms
429 timing auditReport:init Completed in 2008ms
430 timing reify:audit Completed in 2284ms
431 timing reify Completed in 3444ms
432 silly ADD node_modules/hls.js
433 silly ADD
434 silly ADD
435 silly ADD
436 silly ADD
437 silly ADD
438 silly ADD
439 silly ADD
440 silly ADD
441 silly ADD
442 silly ADD
443 silly ADD
444 silly ADD
445 silly ADD
446 silly ADD
447 silly ADD
448 silly ADD
449 silly ADD
450 silly ADD
451 silly ADD
452 silly ADD
453 silly ADD
454 silly ADD
455 silly ADD
456 silly ADD
457 silly ADD
458 silly ADD
459 silly ADD
460 silly ADD
461 silly ADD
462 silly ADD
463 silly ADD
464 silly ADD
465 silly ADD
466 silly ADD
467 silly ADD
468 silly ADD
469 silly ADD
470 silly ADD
471 silly ADD
472 silly ADD
473 silly ADD
474 silly ADD
475 silly ADD
476 silly ADD
477 silly ADD
478 silly ADD
479 silly ADD
480 silly ADD
481 silly ADD
482 silly ADD
483 silly ADD
484 silly ADD
485 silly ADD
486 silly ADD
487 timing command:install Completed in 3485ms
488 verbose exit 0
489 timing npm Completed in 4178ms
490 info ok
